// Jest Snapshot v1, https://goo.gl/fbAQLP

exports[`<ComponentConfigurationSelection /> rendering matches snapshot 1`] = `
<SelectionComponent
  buttons={
    Array [
      SelectionButton {
        "condition": [Function],
        "path": "compconfigs/edit",
        "stateFn": [Function],
        "text": "Edit",
      },
      SelectionButton {
        "condition": [Function],
        "path": "compconfigs/create",
        "stateFn": [Function],
        "text": "Create",
      },
    ]
  }
  columns={
    Array [
      Object {
        "fieldName": "reference",
        "key": "reference",
        "maxWidth": 150,
        "minWidth": 50,
        "name": "Reference",
      },
      Object {
        "fieldName": "componentType",
        "key": "componentType",
        "maxWidth": 50,
        "name": "Type",
      },
      Object {
        "fieldName": "description",
        "key": "description",
        "minWidth": 500,
        "name": "Description",
      },
    ]
  }
  list={Array []}
  loadList={[MockFunction]}
  title="Component Configurations"
/>
`;
