// Jest Snapshot v1, https://goo.gl/fbAQLP

exports[`<CompConfigAttrDetails /> renders a valid tag and matches snapshot 1`] = `
<StyledCheckboxBase
  defaultChecked={true}
  label="label"
  onChange={[Function]}
/>
`;
