// Jest Snapshot v1, https://goo.gl/fbAQLP

exports[`<CompConfigAttrDetails /> renders a valid tag and matches snapshot 1`] = `
<StyledTextFieldBase
  defaultValue="value"
  label="label"
  onChange={[Function]}
/>
`;
