// Jest Snapshot v1, https://goo.gl/fbAQLP

exports[`<ModelRecord /> rendering renders standard record 1`] = `
<TableRow
  record={
    Array [
      "ref",
      "desc",
      "ACTIVE",
    ]
  }
/>
`;
