// Jest Snapshot v1, https://goo.gl/fbAQLP

exports[`<ComponentConfiguration /> rendering matches snapshot 1`] = `
<div>
  <Switch>
    <Route
      component={[Function]}
      exact={true}
      path="/compconfig"
    />
    <Route
      component={[Function]}
      path="/compconfig/:type"
    />
  </Switch>
</div>
`;
