// Jest Snapshot v1, https://goo.gl/fbAQLP

exports[`<Text /> renders valid tag and matches snapshot 1`] = `
<Text
  className="classname"
>
  this is the content
</Text>
`;
