// Jest Snapshot v1, https://goo.gl/fbAQLP

exports[`<TableRow /> rendering can render standard table row with records 1`] = `
<tr>
  <td
    key="0"
  >
    col1
  </td>
  <td
    key="1"
  >
    col2
  </td>
  <td
    key="2"
  >
    col3
  </td>
</tr>
`;
